// Jest Snapshot v1, https://goo.gl/fbAQLP

exports[`LoginForm Snapshot 1`] = `
Array [
  <View>
    <Text
      style={
        Object {
          "color": "#81c784",
          "fontSize": 20,
          "fontWeight": "bold",
          "marginBottom": 15,
        }
      }
    >
      Username Login
    </Text>
  </View>,
  <View>
    Input
  </View>,
  <View>
    Input
  </View>,
  <View
    style={
      Object {
        "marginTop": 30,
      }
    }
  >
    Button
  </View>,
]
`;
