// Jest Snapshot v1, https://goo.gl/fbAQLP

exports[`CandidateDetailScreen Snapshot 1`] = `
<SafeAreaScreen>
  <CandidateDetail
    navigation={
      Object {
        "getParam": [MockFunction] {
          "calls": Array [
            Array [
              "candidate",
            ],
          ],
          "results": Array [
            Object {
              "isThrow": false,
              "value": undefined,
            },
          ],
        },
      }
    }
  />
</SafeAreaScreen>
`;
