// Jest Snapshot v1, https://goo.gl/fbAQLP

exports[`UserInfoScreen Snapshot 1`] = `
<SafeAreaScreen>
  <View
    style={
      Object {
        "marginBottom": 35,
      }
    }
  >
    <CacheableImage
      source={
        Object {
          "uri": "https://res.cloudinary.com/orderstaker/image/upload/v1541270969/voding/xxx048-512.png",
        }
      }
      style={
        Object {
          "borderRadius": 70,
          "height": 130,
          "width": 130,
        }
      }
    />
  </View>
  <View
    style={
      Object {
        "marginBottom": 35,
      }
    }
  >
    <Text
      style={
        Object {
          "color": "#81c784",
          "fontSize": 20,
          "fontWeight": "bold",
        }
      }
    >
      displayName
    </Text>
  </View>
  <View
    style={
      Object {
        "marginBottom": 10,
      }
    }
  >
    Button
  </View>
  <View>
    Button
  </View>
</SafeAreaScreen>
`;
